
antonyrajm@MRACSPX-9180 MINGW64 /e/github
$ git clone https://github.com/mailmeantony222/Python-Self-Learning.git
Cloning into 'Python-Self-Learning'...
remote: Counting objects: 3, done.
remote: Total 3 (delta 0), reused 0 (delta 0), pack-reused 0
Unpacking objects: 100% (3/3), done.

antonyrajm@MRACSPX-9180 MINGW64 /e/github
$ git diff
Not a git repository
To compare two paths outside a working tree:
usage: git diff [--no-index] <path> <path>

antonyrajm@MRACSPX-9180 MINGW64 /e/github
$ cd Python-Self-Learning/

antonyrajm@MRACSPX-9180 MINGW64 /e/github/Python-Self-Learning (master)
$ git diff
diff --git a/README.md b/README.md
index 38a7384..cca8869 100644
--- a/README.md
+++ b/README.md
@@ -1,2 +1,3 @@
+
 # Python-Self-Learning
-Python Self Learning
+

antonyrajm@MRACSPX-9180 MINGW64 /e/github/Python-Self-Learning (master)
$ git add *

antonyrajm@MRACSPX-9180 MINGW64 /e/github/Python-Self-Learning (master)
$ git commit -a -m "Printing Program"
[master ca05b69] Printing Program
 Committer: Antony Raj M <antonyrajm@in.megatrends.com>
Your name and email address were configured automatically based
on your username and hostname. Please check that they are accurate.
You can suppress this message by setting them explicitly. Run the
following command and follow the instructions in your editor to edit
your configuration file:

    git config --global --edit

After doing this, you may fix the identity used for this commit with:

    git commit --amend --reset-author

 2 files changed, 11 insertions(+), 1 deletion(-)
 create mode 100644 variable.py.txt

antonyrajm@MRACSPX-9180 MINGW64 /e/github/Python-Self-Learning (master)
$ git config --global user.name "Antony Raj"

antonyrajm@MRACSPX-9180 MINGW64 /e/github/Python-Self-Learning (master)
$ git config --global user.email mailmeantony222@gmail.com

antonyrajm@MRACSPX-9180 MINGW64 /e/github/Python-Self-Learning (master)
$

antonyrajm@MRACSPX-9180 MINGW64 /e/github/Python-Self-Learning (master)
$ git diff
diff --git a/variable.py.txt b/variable.py.txt
index 46d54a3..fed7f70 100644
--- a/variable.py.txt
+++ b/variable.py.txt
@@ -3,7 +3,9 @@
 counter = 100          # An integer assignment
 miles   = 1000.0       # A floating point
 name    = "John"       # A string
+addrerss    = "John"       # A string

 print counter
 print miles
-print name
\ No newline at end of file
+print name
+print addrerss
\ No newline at end of file

antonyrajm@MRACSPX-9180 MINGW64 /e/github/Python-Self-Learning (master)
$ git add *

antonyrajm@MRACSPX-9180 MINGW64 /e/github/Python-Self-Learning (master)
$ git commit -a -m "Add address Variable"
[master ad5dc47] Add address Variable
 1 file changed, 3 insertions(+), 1 deletion(-)

antonyrajm@MRACSPX-9180 MINGW64 /e/github/Python-Self-Learning (master)
$ ^Ct commit -a -m "Add address Variable"

antonyrajm@MRACSPX-9180 MINGW64 /e/github/Python-Self-Learning (master)
$

antonyrajm@MRACSPX-9180 MINGW64 /e/github/Python-Self-Learning (master)
$

antonyrajm@MRACSPX-9180 MINGW64 /e/github/Python-Self-Learning (master)
$ git log
commit ad5dc471ddccad6f2d7a6578b9ee522af19c793c
Author: Antony Raj <mailmeantony222@gmail.com>
Date:   Wed Mar 15 11:43:58 2017 +0530

    Add address Variable

commit ca05b6949b0fb832c36807b5050d4f4c0ea47def
Author: Antony Raj M <antonyrajm@in.megatrends.com>
Date:   Wed Mar 15 11:41:38 2017 +0530

    Printing Program

commit 1337251aa262b8fd0fdbd74dad884c843589a7d4
Author: mailmeantony222 <mailmeantony222@gmail.com>
Date:   Wed Mar 15 11:39:00 2017 +0530

    Initial commit

antonyrajm@MRACSPX-9180 MINGW64 /e/github/Python-Self-Learning (master)
$

antonyrajm@MRACSPX-9180 MINGW64 /e/github/Python-Self-Learning (master)
$ git push
Logon failed, use ctrl+c to cancel basic credential prompt.
Username for 'https://github.com/': mailmeantony222
Counting objects: 7, done.
Delta compression using up to 4 threads.
Compressing objects: 100% (6/6), done.
Writing objects: 100% (7/7), 732 bytes | 0 bytes/s, done.
Total 7 (delta 1), reused 0 (delta 0)
remote: Resolving deltas: 100% (1/1), done.
To https://github.com/mailmeantony222/Python-Self-Learning.git
   1337251..ad5dc47  master -> master

antonyrajm@MRACSPX-9180 MINGW64 /e/github/Python-Self-Learning (master)
$
